[debug] [2026-07-18T08:50:39.318Z] ----------------------------------------------------------------------
[debug] [2026-07-18T08:50:39.324Z] Command:       C:\Program Files\nodejs\node.exe C:\Users\UDAY\AppData\Roaming\npm\node_modules\firebase-tools\lib\bin\firebase.js deploy --only hosting --debug
[debug] [2026-07-18T08:50:39.325Z] CLI Version:   15.24.0
[debug] [2026-07-18T08:50:39.326Z] Platform:      win32
[debug] [2026-07-18T08:50:39.326Z] Node Version:  v22.17.1
[debug] [2026-07-18T08:50:39.327Z] Detected Agent: unknown
[debug] [2026-07-18T08:50:39.327Z] Time:          Sat Jul 18 2026 14:20:39 GMT+0530 (India Standard Time)
[debug] [2026-07-18T08:50:39.328Z] ----------------------------------------------------------------------
[debug] 
[debug] [2026-07-18T08:50:43.150Z] > command requires scopes: ["email","openid","https://www.googleapis.com/auth/cloudplatformprojects.readonly","https://www.googleapis.com/auth/firebase","https://www.googleapis.com/auth/cloud-platform"]
[debug] [2026-07-18T08:50:43.151Z] > authorizing via signed-in user (udaykiran.chappidi@sarikitechnologies.com)
[debug] [2026-07-18T08:50:43.152Z] [iam] checking project sarpanchmitra-web for permissions ["firebase.projects.get","firebasehosting.sites.update"]
[debug] [2026-07-18T08:50:43.177Z] Checked if tokens are valid: true, expires at: 1784367825729
[debug] [2026-07-18T08:50:43.178Z] Checked if tokens are valid: true, expires at: 1784367825729
[debug] [2026-07-18T08:50:43.180Z] >>> [apiv2][query] POST https://cloudresourcemanager.googleapis.com/v1/projects/sarpanchmitra-web:testIamPermissions [none]
[debug] [2026-07-18T08:50:43.180Z] >>> [apiv2][(partial)header] POST https://cloudresourcemanager.googleapis.com/v1/projects/sarpanchmitra-web:testIamPermissions  x-goog-user-project=sarpanchmitra-web
[debug] [2026-07-18T08:50:43.181Z] >>> [apiv2][body] POST https://cloudresourcemanager.googleapis.com/v1/projects/sarpanchmitra-web:testIamPermissions {"permissions":["firebase.projects.get","firebasehosting.sites.update"]}
[debug] [2026-07-18T08:50:44.714Z] <<< [apiv2][status] POST https://cloudresourcemanager.googleapis.com/v1/projects/sarpanchmitra-web:testIamPermissions 200
[debug] [2026-07-18T08:50:44.717Z] <<< [apiv2][body] POST https://cloudresourcemanager.googleapis.com/v1/projects/sarpanchmitra-web:testIamPermissions {"permissions":["firebase.projects.get","firebasehosting.sites.update"]}
[debug] [2026-07-18T08:50:44.721Z] Checked if tokens are valid: true, expires at: 1784367825729
[debug] [2026-07-18T08:50:44.721Z] Checked if tokens are valid: true, expires at: 1784367825729
[debug] [2026-07-18T08:50:44.722Z] >>> [apiv2][query] GET https://firebase.googleapis.com/v1beta1/projects/sarpanchmitra-web [none]
[debug] [2026-07-18T08:50:45.267Z] <<< [apiv2][status] GET https://firebase.googleapis.com/v1beta1/projects/sarpanchmitra-web 200
[debug] [2026-07-18T08:50:45.268Z] <<< [apiv2][body] GET https://firebase.googleapis.com/v1beta1/projects/sarpanchmitra-web {"projectId":"sarpanchmitra-web","projectNumber":"382421077749","displayName":"SarpanchMitra-Web","name":"projects/sarpanchmitra-web","resources":{"hostingSite":"sarpanchmitra-web"},"state":"ACTIVE","labels":{"firebase":"enabled"},"etag":"1_031aff56-bea1-4088-b933-a971db671f9f"}
[error] 
[error] Error: Must supply a "public" or "source" directory when using "destination" rewrites.
